------------------------------------------------------------
TimeQuest Timing Analyzer Summary
------------------------------------------------------------

Type  : Slow 1200mV 85C Model Setup 'pll_100mi|altpll_component|auto_generated|pll1|clk[0]'
Slack : 5.533
TNS   : 0.000

Type  : Slow 1200mV 85C Model Setup 'pll_1mi|altpll_component|auto_generated|pll1|clk[0]'
Slack : 7.769
TNS   : 0.000

Type  : Slow 1200mV 85C Model Hold 'pll_1mi|altpll_component|auto_generated|pll1|clk[0]'
Slack : 0.185
TNS   : 0.000

Type  : Slow 1200mV 85C Model Hold 'pll_100mi|altpll_component|auto_generated|pll1|clk[0]'
Slack : 0.332
TNS   : 0.000

Type  : Slow 1200mV 85C Model Minimum Pulse Width 'pll_100mi|altpll_component|auto_generated|pll1|clk[0]'
Slack : 4.746
TNS   : 0.000

Type  : Slow 1200mV 85C Model Minimum Pulse Width 'sys_clk_pad_i'
Slack : 9.747
TNS   : 0.000

Type  : Slow 1200mV 85C Model Minimum Pulse Width 'pll_1mi|altpll_component|auto_generated|pll1|clk[0]'
Slack : 499.753
TNS   : 0.000

Type  : Slow 1200mV 0C Model Setup 'pll_100mi|altpll_component|auto_generated|pll1|clk[0]'
Slack : 5.949
TNS   : 0.000

Type  : Slow 1200mV 0C Model Setup 'pll_1mi|altpll_component|auto_generated|pll1|clk[0]'
Slack : 8.000
TNS   : 0.000

Type  : Slow 1200mV 0C Model Hold 'pll_1mi|altpll_component|auto_generated|pll1|clk[0]'
Slack : 0.197
TNS   : 0.000

Type  : Slow 1200mV 0C Model Hold 'pll_100mi|altpll_component|auto_generated|pll1|clk[0]'
Slack : 0.277
TNS   : 0.000

Type  : Slow 1200mV 0C Model Minimum Pulse Width 'pll_100mi|altpll_component|auto_generated|pll1|clk[0]'
Slack : 4.744
TNS   : 0.000

Type  : Slow 1200mV 0C Model Minimum Pulse Width 'sys_clk_pad_i'
Slack : 9.708
TNS   : 0.000

Type  : Slow 1200mV 0C Model Minimum Pulse Width 'pll_1mi|altpll_component|auto_generated|pll1|clk[0]'
Slack : 499.747
TNS   : 0.000

Type  : Fast 1200mV 0C Model Setup 'pll_100mi|altpll_component|auto_generated|pll1|clk[0]'
Slack : 7.465
TNS   : 0.000

Type  : Fast 1200mV 0C Model Setup 'pll_1mi|altpll_component|auto_generated|pll1|clk[0]'
Slack : 8.697
TNS   : 0.000

Type  : Fast 1200mV 0C Model Hold 'pll_1mi|altpll_component|auto_generated|pll1|clk[0]'
Slack : -0.035
TNS   : -0.035

Type  : Fast 1200mV 0C Model Hold 'pll_100mi|altpll_component|auto_generated|pll1|clk[0]'
Slack : 0.124
TNS   : 0.000

Type  : Fast 1200mV 0C Model Minimum Pulse Width 'pll_100mi|altpll_component|auto_generated|pll1|clk[0]'
Slack : 4.782
TNS   : 0.000

Type  : Fast 1200mV 0C Model Minimum Pulse Width 'sys_clk_pad_i'
Slack : 9.416
TNS   : 0.000

Type  : Fast 1200mV 0C Model Minimum Pulse Width 'pll_1mi|altpll_component|auto_generated|pll1|clk[0]'
Slack : 499.770
TNS   : 0.000

------------------------------------------------------------
